18:23:57 **** Incremental Build of configuration Debug for project NTC_Body_Temp ****
make -j8 all 
arm-none-eabi-gcc "../Core/Src/main.c" -mcpu=cortex-m0 -std=gnu11 -g3 -DUSE_HAL_DRIVER -DSTM32F072xB -DDEBUG -c -I../Core/Inc -I../Drivers/STM32F0xx_HAL_Driver/Inc -I../Drivers/STM32F0xx_HAL_Driver/Inc/Legacy -I../Drivers/CMSIS/Device/ST/STM32F0xx/Include -I../Drivers/CMSIS/Include -O0 -ffunction-sections -fdata-sections -Wall -fstack-usage -MMD -MP -MF"Core/Src/main.d" -MT"Core/Src/main.o" --specs=nano.specs -mfloat-abi=soft -mthumb -o "Core/Src/main.o"
arm-none-eabi-gcc -o "NTC_Body_Temp.elf" @"objects.list"   -mcpu=cortex-m0 -T"Z:\FYDP\Body_Temp\NTC_Body_Temp\STM32F072RBTX_FLASH.ld" --specs=nosys.specs -Wl,-Map="NTC_Body_Temp.map" -Wl,--gc-sections -static --specs=nano.specs -mfloat-abi=soft -mthumb -u _printf_float -u _scanf_float -Wl,--start-group -lc -lm -Wl,--end-group
Finished building target: NTC_Body_Temp.elf
 
arm-none-eabi-objdump -h -S  NTC_Body_Temp.elf  > "NTC_Body_Temp.list"
arm-none-eabi-objcopy  -O binary  NTC_Body_Temp.elf  "NTC_Body_Temp.bin"
arm-none-eabi-size   NTC_Body_Temp.elf 
   text	   data	    bss	    dec	    hex	filename
  42956	    484	   1860	  45300	   b0f4	NTC_Body_Temp.elf
Finished building: default.size.stdout
 
Finished building: NTC_Body_Temp.bin
 
Finished building: NTC_Body_Temp.list
 

18:23:59 Build Finished. 0 errors, 0 warnings. (took 1s.760ms)

